hey im ter
